namespace NServiceBus
{
    public class CommonLoggingFactory : NServiceBus.Logging.LoggingFactoryDefinition
    {
        public CommonLoggingFactory() { }
        protected override NServiceBus.Logging.ILoggerFactory GetLoggingFactory() { }
    }
}